#-----------------------------------------------------------
# Vivado v2020.1 (64-bit)
# SW Build 2902540 on Wed May 27 19:54:35 MDT 2020
# IP Build 2902112 on Wed May 27 22:43:36 MDT 2020
# Start of session at: Mon Jun  6 16:37:58 2022
# Process ID: 124684
# Current directory: /data/home/bnn-prj-15/hdl
# Command line: vivado
# Log file: /data/home/bnn-prj-15/hdl/vivado.log
# Journal file: /data/home/bnn-prj-15/hdl/vivado.jou
#-----------------------------------------------------------
start_gui
open_project /data/home/bnn-prj-15/bnn_project/bnn_project.xpr
update_compile_order -fileset sources_1
close_project
open_project /data/home/bnn-prj-15/bnn_project/bnn_project.xpr
update_compile_order -fileset sources_1
add_files -norecurse {/data/home/bnn-prj-15/hdl/custom_package.vhd /data/home/bnn-prj-15/hdl/layer1.vhd /data/home/bnn-prj-15/hdl/neuron.vhd /data/home/bnn-prj-15/hdl/BNN.vhd /data/home/bnn-prj-15/hdl/integer_neuron.vhd /data/home/bnn-prj-15/hdl/layer2.vhd /data/home/bnn-prj-15/hdl/layer3.vhd}
update_compile_order -fileset sources_1
update_compile_order -fileset sources_1
update_compile_order -fileset sources_1
add_files -norecurse /data/home/bnn-prj-15/hdl/layerout.vhd
update_compile_order -fileset sources_1
update_compile_order -fileset sources_1
launch_simulation
launch_simulation
open_wave_config /data/home/bnn-prj-15/bnn_project/neuron_tb_behav.wcfg
source first_layer_testbench.tcl
close_sim
launch_simulation
open_wave_config /data/home/bnn-prj-15/bnn_project/neuron_tb_behav.wcfg
source first_layer_testbench.tcl
close_sim
launch_simulation
open_wave_config /data/home/bnn-prj-15/bnn_project/neuron_tb_behav.wcfg
source first_layer_testbench.tcl
close_sim
launch_simulation
open_wave_config /data/home/bnn-prj-15/bnn_project/neuron_tb_behav.wcfg
